
> raahi@0.1.0 build
> next build

Γû▓ Next.js 16.2.9 (Turbopack)
- Environments: .env.local

  Creating an optimized production build ...
Γ£ô Compiled successfully in 3.7s
  Running TypeScript ...
  Finished TypeScript in 4.5s ...
  Collecting page data using 11 workers ...
  Generating static pages using 11 workers (0/38) ...
  Generating static pages using 11 workers (9/38) 
  Generating static pages using 11 workers (18/38) 
  Generating static pages using 11 workers (28/38) 
Γ£ô Generating static pages using 11 workers (38/38) in 1159ms
  Finalizing page optimization ...

Route (app)
Γöî Γùï /
Γö£ Γùï /_not-found
Γö£ ╞Æ /api/analytics
Γö£ ╞Æ /api/auth/google
Γö£ ╞Æ /api/auth/google/callback
Γö£ ╞Æ /api/auth/login
Γö£ ╞Æ /api/auth/logout
Γö£ ╞Æ /api/auth/me
Γö£ ╞Æ /api/auth/signup
Γö£ ╞Æ /api/comments/[id]
Γö£ ╞Æ /api/dashboard
Γö£ ╞Æ /api/directions
Γö£ ╞Æ /api/hazards
Γö£ ╞Æ /api/hazards/[id]
Γö£ ╞Æ /api/hazards/[id]/comments
Γö£ ╞Æ /api/hazards/[id]/resolve
Γö£ ╞Æ /api/leaderboard
Γö£ ╞Æ /api/places
Γö£ ╞Æ /api/reports
Γö£ ╞Æ /api/upload
Γö£ ╞Æ /api/zones
Γö£ Γùï /app
Γö£ Γùï /app/alerts
Γö£ Γùï /app/alerts/settings
Γö£ Γùï /app/nearby
Γö£ Γùï /app/profile
Γö£ Γùï /app/report
Γö£ Γùï /dashboard
Γö£ Γùï /dashboard/analytics
Γö£ Γùï /dashboard/feed
Γö£ Γùï /dashboard/hotspots
Γö£ Γùï /dashboard/leaderboard
Γö£ Γùï /dashboard/map
Γö£ Γùï /dashboard/reports
Γö£ Γùï /dashboard/settings
Γö£ Γùï /dashboard/users
Γö£ Γùï /drive
Γö£ Γùï /leaderboard
Γö£ Γùï /login
Γöö Γùï /map


Γùï  (Static)   prerendered as static content
╞Æ  (Dynamic)  server-rendered on demand

